// Jest Snapshot v1, https://goo.gl/fbAQLP

exports[`CheckBox CheckBox renders correctly 1`] = `
<input
  checked={undefined}
  onChange={undefined}
  style={
    Object {
      "cursor": "pointer",
      "marginRight": 10,
    }
  }
  type="checkbox"
/>
`;
